// Jest Snapshot v1, https://goo.gl/fbAQLP

exports[`matches snapshot 1`] = `
<Box>
  <div
    style={
      Object {
        "backgroundColor": undefined,
        "height": "undefinedpx",
        "width": "undefinedpx",
      }
    }
  />
</Box>
`;
